--- Final Verification: Strict Local & Overnight Support ---

CASE: Overnight - Explicit Dates
IN:  2026-01-01 21:03 -> 1/1/2026, 9:03:00 pm
OUT (Pre): 2026-01-02 05:00 -> 2/1/2026, 5:00:00 am
OUT (Final): 2/1/2026, 5:00:00 am
------------------
CASE: Overnight - Time Only Fallback (Midnight Crossing)
IN:  2026-01-07 21:00 -> 7/1/2026, 9:00:00 pm
OUT (Pre): 05:00 -> 7/1/2026, 5:00:00 am
[LOG] Midnight crossing detected. Adjusted OUT.
OUT (Final): 8/1/2026, 5:00:00 am
------------------
CASE: Day Shift - Explicit Dates
IN:  2026-01-07 09:00 -> 7/1/2026, 9:00:00 am
OUT (Pre): 2026-01-07 18:00 -> 7/1/2026, 6:00:00 pm
OUT (Final): 7/1/2026, 6:00:00 pm
------------------
CASE: TZ Shift Prevention (Z String)
IN:  1899-12-30T16:08:50.000Z -> 7/1/2026, 4:08:50 pm
------------------
